[08:27:53.752][info] [#0:/home/oscar/.config/emacs/.cache/lsp/lua-language-server/main.lua:68]: Lua Lsp startup, root: 	/home/oscar/.config/emacs/.cache/lsp/lua-language-server
[08:27:53.752][info] [#0:/home/oscar/.config/emacs/.cache/lsp/lua-language-server/main.lua:69]: ROOT:	/home/oscar/.config/emacs/.cache/lsp/lua-language-server
[08:27:53.752][info] [#0:/home/oscar/.config/emacs/.cache/lsp/lua-language-server/main.lua:70]: LOGPATH:	/home/oscar/.config/emacs/.cache/lsp/lua-language-server/log
[08:27:53.752][info] [#0:/home/oscar/.config/emacs/.cache/lsp/lua-language-server/main.lua:71]: METAPATH:	/home/oscar/.config/emacs/.cache/lsp/lua-language-server/meta
[08:27:53.752][info] [#0:/home/oscar/.config/emacs/.cache/lsp/lua-language-server/main.lua:72]: VERSION:	3.11.1
[08:27:53.770][info] [#0:script/proto/proto.lua:260]: Listen Mode: stdio
[08:27:53.770][info] [#0:script/service/service.lua:145]: 
========= Medical Examination Report =========
    --------------- Memory ---------------
        Total: 2.245 MB
        # 00 : 2.245 MB
        # 01 : 0.000 MB
        # 02 : 0.000 MB
        # 03 : 0.000 MB
        # 04 : 0.000 MB
    --------------- Coroutine ---------------
        Total:     0
        Running:   0
        Suspended: 0
        Normal:    0
        Dead:      0
    --------------- Cache ---------------
        Total: 1
        Dead:  0
    ---------------  RPC  ---------------
        Holdon:   0
        Waiting:  0
==============================================
[08:27:53.873][info] [#0:script/client.lua:657]: Client init	{
  capabilities = {
    general = {
      positionEncodings = { "utf-32", "utf-16" }
    },
    textDocument = {
      callHierarchy = {
        dynamicRegistration = false
      },
      codeAction = {
        codeActionLiteralSupport = {
          codeActionKind = {
            valueSet = { "", "quickfix", "refactor", "refactor.extract", "refactor.inline", "refactor.rewrite", "source", "source.organizeImports" }
          }
        },
        dataSupport = true,
        dynamicRegistration = true,
        isPreferredSupport = true,
        resolveSupport = {
          properties = { "edit", "command" }
        }
      },
      completion = {
        completionItem = {
          deprecatedSupport = true,
          documentationFormat = { "markdown", "plaintext" },
          insertReplaceSupport = true,
          insertTextModeSupport = {
            valueSet = { 1, 2 }
          },
          resolveAdditionalTextEditsSupport = true,
          resolveSupport = {
            properties = { "documentation", "detail", "additionalTextEdits", "command" }
          },
          snippetSupport = true
        },
        contextSupport = true,
        dynamicRegistration = true
      },
      declaration = {
        dynamicRegistration = true,
        linkSupport = true
      },
      definition = {
        dynamicRegistration = true,
        linkSupport = true
      },
      diagnostic = {
        dynamicRegistration = false,
        relatedDocumentSupport = false
      },
      documentLink = {
        dynamicRegistration = true,
        tooltipSupport = true
      },
      documentSymbol = {
        hierarchicalDocumentSymbolSupport = true,
        symbolKind = {
          valueSet = { 1, 2, 3, 4, 5, 6, 7, 8, 9, 10, 11, 12, 13, 14, 15, 16, 17, 18, 19, 20, 21, 22, 23, 24, 25, 26 }
        }
      },
      foldingRange = {
        dynamicRegistration = true
      },
      formatting = {
        dynamicRegistration = true
      },
      hover = {
        contentFormat = { "markdown", "plaintext" },
        dynamicRegistration = true
      },
      implementation = {
        dynamicRegistration = true,
        linkSupport = true
      },
      linkedEditingRange = {
        dynamicRegistration = true
      },
      onTypeFormatting = {
        dynamicRegistration = true
      },
      publishDiagnostics = {
        relatedInformation = true,
        tagSupport = {
          valueSet = { 1, 2 }
        },
        versionSupport = true
      },
      rangeFormatting = {
        dynamicRegistration = true
      },
      references = {
        dynamicRegistration = true
      },
      rename = {
        dynamicRegistration = true,
        prepareSupport = true
      },
      selectionRange = {
        dynamicRegistration = true
      },
      signatureHelp = {
        dynamicRegistration = true,
        signatureInformation = {
          parameterInformation = {
            labelOffsetSupport = true
          }
        }
      },
      synchronization = {
        didSave = true,
        willSave = true,
        willSaveWaitUntil = true
      },
      typeDefinition = {
        dynamicRegistration = true,
        linkSupport = true
      },
      typeHierarchy = {
        dynamicRegistration = true
      }
    },
    window = {
      showDocument = {
        support = true
      },
      workDoneProgress = true
    },
    workspace = {
      applyEdit = true,
      codeLens = {
        refreshSupport = true
      },
      configuration = true,
      didChangeWatchedFiles = {
        dynamicRegistration = true
      },
      executeCommand = {
        dynamicRegistration = false
      },
      fileOperations = {
        didCreate = false,
        didDelete = false,
        didRename = true,
        willCreate = false,
        willDelete = false,
        willRename = true
      },
      symbol = {
        symbolKind = {
          valueSet = { 1, 2, 3, 4, 5, 6, 7, 8, 9, 10, 11, 12, 13, 14, 15, 16, 17, 18, 19, 20, 21, 22, 23, 24, 25, 26 }
        }
      },
      workspaceEdit = {
        documentChanges = true,
        resourceOperations = { "create", "rename", "delete" }
      },
      workspaceFolders = true
    }
  },
  clientInfo = {
    name = "emacs",
    version = "GNU Emacs 29.4 (build 1, x86_64-pc-linux-gnu, GTK+ Version 3.24.43, cairo version 1.18.2)"
  },
  processId = 1076,
  rootPath = "/home/oscar/.dotfiles/wezterm/.config/wezterm",
  rootUri = "file:///home/oscar/.dotfiles/wezterm/.config/wezterm",
  workDoneToken = "1"
}
[08:27:53.874][info] [#0:script/language.lua:137]: VSC language: nil
[08:27:53.874][info] [#0:script/language.lua:138]: LS  language: en-us
[08:27:53.874][info] [#0:script/workspace/workspace.lua:38]: Workspace init root: 	file:///home/oscar/.dotfiles/wezterm/.config/wezterm
[08:27:53.874][info] [#0:script/workspace/workspace.lua:42]: Log path: 	/home/oscar/.config/emacs/.cache/lsp/lua-language-server/log/file_home_oscar_.dotfiles_wezterm_.config_wezterm.log
[08:27:53.874][info] [#0:script/workspace/workspace.lua:48]: Workspace create: 	file:///home/oscar/.dotfiles/wezterm/.config/wezterm
[08:27:54.178][info] [#0:script/provider/provider.lua:48]: Load config from client	file:///home/oscar/.dotfiles/wezterm/.config/wezterm
[08:27:54.179][info] [#0:script/provider/provider.lua:49]: {
  Lua = {
    color = {
      mode = "Semantic"
    },
    completion = {
      callSnippet = "Disable",
      displayContext = 6,
      enable = true,
      keywordSnippet = "Replace",
      workspaceWord = true
    },
    develop = {
      debuggerPort = 11412,
      debuggerWait = false,
      enable = false
    },
    diagnostics = {
      enable = true,
      workspaceDelay = 0,
      workspaceRate = 100
    },
    hint = {
      enable = false,
      paramName = true,
      paramType = true
    },
    hover = {
      enable = true,
      fieldInfer = 3000,
      previewFields = 100,
      viewNumber = true,
      viewString = true,
      viewStringMax = 1000
    },
    intelliSense = {
      searchDepth = 0
    },
    runtime = {
      fileEncoding = "utf8",
      path = { "?.lua", "?/init.lua", "?/?.lua" },
      version = "Lua 5.4"
    },
    signatureHelp = {
      enable = true
    },
    telemetry = {
      enable = false
    },
    window = {
      progressBar = true,
      statusBar = true
    },
    workspace = {
      ignoreDir = { ".vscode" },
      ignoreSubmodules = true,
      maxPreload = 1000,
      preloadFileSize = 100,
      useGitIgnore = true
    }
  },
  ["files.associations"] = false,
  ["files.exclude"] = false
}
[08:27:54.279][info] [#0:script/provider/completion.lua:43]: Enable completion.
[08:27:54.280][info] [#0:script/provider/provider.lua:64]: Load config from client	fallback
[08:27:54.280][info] [#0:script/provider/provider.lua:65]: {
  Lua = {
    color = {
      mode = "Semantic"
    },
    completion = {
      callSnippet = "Disable",
      displayContext = 6,
      enable = true,
      keywordSnippet = "Replace",
      workspaceWord = true
    },
    develop = {
      debuggerPort = 11412,
      debuggerWait = false,
      enable = false
    },
    diagnostics = {
      enable = true,
      workspaceDelay = 0,
      workspaceRate = 100
    },
    hint = {
      enable = false,
      paramName = true,
      paramType = true
    },
    hover = {
      enable = true,
      fieldInfer = 3000,
      previewFields = 100,
      viewNumber = true,
      viewString = true,
      viewStringMax = 1000
    },
    intelliSense = {
      searchDepth = 0
    },
    runtime = {
      fileEncoding = "utf8",
      path = { "?.lua", "?/init.lua", "?/?.lua" },
      version = "Lua 5.4"
    },
    signatureHelp = {
      enable = true
    },
    telemetry = {
      enable = false
    },
    window = {
      progressBar = true,
      statusBar = true
    },
    workspace = {
      ignoreDir = { ".vscode" },
      ignoreSubmodules = true,
      maxPreload = 1000,
      preloadFileSize = 100,
      useGitIgnore = true
    }
  },
  ["files.associations"] = false,
  ["files.exclude"] = false
}
[08:27:54.389][info] [#0:script/library.lua:212]: Init builtin library at:	file:///home/oscar/.dotfiles/wezterm/.config/wezterm
[08:27:54.399][info] [#0:script/library.lua:212]: Init builtin library at:	nil
[08:27:54.506][info] [#0:script/workspace/workspace.lua:324]: Preload start:	file:///home/oscar/.dotfiles/wezterm/.config/wezterm
[08:27:54.508][info] [#0:script/workspace/workspace.lua:330]: Scan files at:	file:///home/oscar/.dotfiles/wezterm/.config/wezterm
[08:27:54.508][info] [#0:script/workspace/workspace.lua:324]: Preload start:	<fallback>
[08:27:54.517][info] [#0:script/workspace/workspace.lua:353]: Scan library at:	file:///home/oscar/.config/emacs/.cache/lsp/lua-language-server/meta/Lua%205.4%20en-us%20utf8/debug.lua
[08:27:54.517][info] [#0:script/workspace/workspace.lua:353]: Scan library at:	file:///home/oscar/.config/emacs/.cache/lsp/lua-language-server/meta/Lua%205.4%20en-us%20utf8/debug.lua
[08:27:54.517][info] [#0:script/workspace/workspace.lua:353]: Scan library at:	file:///home/oscar/.config/emacs/.cache/lsp/lua-language-server/meta/Lua%205.4%20en-us%20utf8/coroutine.lua
[08:27:54.518][info] [#0:script/workspace/workspace.lua:353]: Scan library at:	file:///home/oscar/.config/emacs/.cache/lsp/lua-language-server/meta/Lua%205.4%20en-us%20utf8/coroutine.lua
[08:27:54.518][info] [#0:script/workspace/workspace.lua:353]: Scan library at:	file:///home/oscar/.config/emacs/.cache/lsp/lua-language-server/meta/Lua%205.4%20en-us%20utf8/io.lua
[08:27:54.518][info] [#0:script/workspace/workspace.lua:353]: Scan library at:	file:///home/oscar/.config/emacs/.cache/lsp/lua-language-server/meta/Lua%205.4%20en-us%20utf8/io.lua
[08:27:54.518][info] [#0:script/workspace/workspace.lua:353]: Scan library at:	file:///home/oscar/.config/emacs/.cache/lsp/lua-language-server/meta/Lua%205.4%20en-us%20utf8/utf8.lua
[08:27:54.518][info] [#0:script/workspace/workspace.lua:353]: Scan library at:	file:///home/oscar/.config/emacs/.cache/lsp/lua-language-server/meta/Lua%205.4%20en-us%20utf8/utf8.lua
[08:27:54.518][info] [#0:script/workspace/workspace.lua:353]: Scan library at:	file:///home/oscar/.config/emacs/.cache/lsp/lua-language-server/meta/Lua%205.4%20en-us%20utf8/os.lua
[08:27:54.518][info] [#0:script/workspace/workspace.lua:353]: Scan library at:	file:///home/oscar/.config/emacs/.cache/lsp/lua-language-server/meta/Lua%205.4%20en-us%20utf8/os.lua
[08:27:54.519][info] [#0:script/workspace/workspace.lua:353]: Scan library at:	file:///home/oscar/.config/emacs/.cache/lsp/lua-language-server/meta/Lua%205.4%20en-us%20utf8/basic.lua
[08:27:54.519][info] [#0:script/workspace/workspace.lua:353]: Scan library at:	file:///home/oscar/.config/emacs/.cache/lsp/lua-language-server/meta/Lua%205.4%20en-us%20utf8/basic.lua
[08:27:54.519][info] [#0:script/workspace/workspace.lua:353]: Scan library at:	file:///home/oscar/.config/emacs/.cache/lsp/lua-language-server/meta/Lua%205.4%20en-us%20utf8/package.lua
[08:27:54.519][info] [#0:script/workspace/workspace.lua:353]: Scan library at:	file:///home/oscar/.config/emacs/.cache/lsp/lua-language-server/meta/Lua%205.4%20en-us%20utf8/package.lua
[08:27:54.519][info] [#0:script/workspace/workspace.lua:353]: Scan library at:	file:///home/oscar/.config/emacs/.cache/lsp/lua-language-server/meta/Lua%205.4%20en-us%20utf8/builtin.lua
[08:27:54.519][info] [#0:script/workspace/workspace.lua:353]: Scan library at:	file:///home/oscar/.config/emacs/.cache/lsp/lua-language-server/meta/Lua%205.4%20en-us%20utf8/builtin.lua
[08:27:54.520][info] [#0:script/workspace/workspace.lua:353]: Scan library at:	file:///home/oscar/.config/emacs/.cache/lsp/lua-language-server/meta/Lua%205.4%20en-us%20utf8/math.lua
[08:27:54.520][info] [#0:script/workspace/workspace.lua:353]: Scan library at:	file:///home/oscar/.config/emacs/.cache/lsp/lua-language-server/meta/Lua%205.4%20en-us%20utf8/math.lua
[08:27:54.520][info] [#0:script/workspace/workspace.lua:353]: Scan library at:	file:///home/oscar/.config/emacs/.cache/lsp/lua-language-server/meta/Lua%205.4%20en-us%20utf8/table.lua
[08:27:54.520][info] [#0:script/workspace/workspace.lua:353]: Scan library at:	file:///home/oscar/.config/emacs/.cache/lsp/lua-language-server/meta/Lua%205.4%20en-us%20utf8/table.lua
[08:27:54.521][info] [#0:script/workspace/workspace.lua:353]: Scan library at:	file:///home/oscar/.config/emacs/.cache/lsp/lua-language-server/meta/Lua%205.4%20en-us%20utf8/string.lua
[08:27:54.521][info] [#0:script/workspace/workspace.lua:353]: Scan library at:	file:///home/oscar/.config/emacs/.cache/lsp/lua-language-server/meta/Lua%205.4%20en-us%20utf8/string.lua
[08:27:54.621][info] [#0:script/workspace/workspace.lua:379]: Found 11 files at:	<fallback>
[08:27:54.621][info] [#0:script/workspace/loading.lua:160]: Load files from disk:	<fallback>
[08:27:54.621][info] [#0:script/workspace/workspace.lua:379]: Found 12 files at:	file:///home/oscar/.dotfiles/wezterm/.config/wezterm
[08:27:54.621][info] [#0:script/workspace/loading.lua:160]: Load files from disk:	file:///home/oscar/.dotfiles/wezterm/.config/wezterm
[08:27:54.622][info] [#0:script/workspace/loading.lua:100]: Preload file at: file:///home/oscar/.config/emacs/.cache/lsp/lua-language-server/meta/Lua%205.4%20en-us%20utf8/string.lua , size = 6.327 KB
[08:27:54.626][info] [#0:script/workspace/loading.lua:112]: ++++As library of:	file:///home/oscar/.config/emacs/.cache/lsp/lua-language-server/meta/Lua%205.4%20en-us%20utf8/string.lua
[08:27:54.626][info] [#0:script/workspace/loading.lua:100]: Preload file at: file:///home/oscar/.config/emacs/.cache/lsp/lua-language-server/meta/Lua%205.4%20en-us%20utf8/table.lua , size = 4.235 KB
[08:27:54.628][info] [#0:script/workspace/loading.lua:112]: ++++As library of:	file:///home/oscar/.config/emacs/.cache/lsp/lua-language-server/meta/Lua%205.4%20en-us%20utf8/table.lua
[08:27:54.628][info] [#0:script/workspace/loading.lua:97]: Skip loaded file: file:///home/oscar/.config/emacs/.cache/lsp/lua-language-server/meta/Lua%205.4%20en-us%20utf8/table.lua
[08:27:54.628][info] [#0:script/workspace/loading.lua:97]: Skip loaded file: file:///home/oscar/.config/emacs/.cache/lsp/lua-language-server/meta/Lua%205.4%20en-us%20utf8/string.lua
[08:27:54.628][info] [#0:script/workspace/loading.lua:100]: Preload file at: file:///home/oscar/.config/emacs/.cache/lsp/lua-language-server/meta/Lua%205.4%20en-us%20utf8/math.lua , size = 8.509 KB
[08:27:54.633][info] [#0:script/workspace/loading.lua:112]: ++++As library of:	file:///home/oscar/.config/emacs/.cache/lsp/lua-language-server/meta/Lua%205.4%20en-us%20utf8/math.lua
[08:27:54.633][info] [#0:script/workspace/loading.lua:100]: Preload file at: file:///home/oscar/.config/emacs/.cache/lsp/lua-language-server/meta/Lua%205.4%20en-us%20utf8/builtin.lua , size = 0.302 KB
[08:27:54.634][info] [#0:script/workspace/loading.lua:112]: ++++As library of:	file:///home/oscar/.config/emacs/.cache/lsp/lua-language-server/meta/Lua%205.4%20en-us%20utf8/builtin.lua
[08:27:54.634][info] [#0:script/workspace/loading.lua:97]: Skip loaded file: file:///home/oscar/.config/emacs/.cache/lsp/lua-language-server/meta/Lua%205.4%20en-us%20utf8/math.lua
[08:27:54.634][info] [#0:script/workspace/loading.lua:97]: Skip loaded file: file:///home/oscar/.config/emacs/.cache/lsp/lua-language-server/meta/Lua%205.4%20en-us%20utf8/builtin.lua
[08:27:54.634][info] [#0:script/workspace/loading.lua:100]: Preload file at: file:///home/oscar/.config/emacs/.cache/lsp/lua-language-server/meta/Lua%205.4%20en-us%20utf8/package.lua , size = 2.944 KB
[08:27:54.635][info] [#0:script/workspace/loading.lua:112]: ++++As library of:	file:///home/oscar/.config/emacs/.cache/lsp/lua-language-server/meta/Lua%205.4%20en-us%20utf8/package.lua
[08:27:54.635][info] [#0:script/workspace/loading.lua:97]: Skip loaded file: file:///home/oscar/.config/emacs/.cache/lsp/lua-language-server/meta/Lua%205.4%20en-us%20utf8/package.lua
[08:27:54.635][info] [#0:script/workspace/loading.lua:100]: Preload file at: file:///home/oscar/.config/emacs/.cache/lsp/lua-language-server/meta/Lua%205.4%20en-us%20utf8/basic.lua , size = 15.621 KB
[08:27:54.642][info] [#0:script/workspace/loading.lua:112]: ++++As library of:	file:///home/oscar/.config/emacs/.cache/lsp/lua-language-server/meta/Lua%205.4%20en-us%20utf8/basic.lua
[08:27:54.642][info] [#0:script/workspace/loading.lua:88]: Skip loaded file: file:///home/oscar/.config/emacs/.cache/lsp/lua-language-server/meta/Lua%205.4%20en-us%20utf8/basic.lua
[08:27:54.642][info] [#0:script/workspace/loading.lua:112]: ++++As library of:	file:///home/oscar/.config/emacs/.cache/lsp/lua-language-server/meta/Lua%205.4%20en-us%20utf8/basic.lua
[08:27:54.642][info] [#0:script/workspace/loading.lua:100]: Preload file at: file:///home/oscar/.config/emacs/.cache/lsp/lua-language-server/meta/Lua%205.4%20en-us%20utf8/os.lua , size = 5.600 KB
[08:27:54.644][info] [#0:script/workspace/loading.lua:112]: ++++As library of:	file:///home/oscar/.config/emacs/.cache/lsp/lua-language-server/meta/Lua%205.4%20en-us%20utf8/os.lua
[08:27:54.644][info] [#0:script/workspace/loading.lua:88]: Skip loaded file: file:///home/oscar/.config/emacs/.cache/lsp/lua-language-server/meta/Lua%205.4%20en-us%20utf8/os.lua
[08:27:54.644][info] [#0:script/workspace/loading.lua:112]: ++++As library of:	file:///home/oscar/.config/emacs/.cache/lsp/lua-language-server/meta/Lua%205.4%20en-us%20utf8/os.lua
[08:27:54.644][info] [#0:script/workspace/loading.lua:100]: Preload file at: file:///home/oscar/.config/emacs/.cache/lsp/lua-language-server/meta/Lua%205.4%20en-us%20utf8/utf8.lua , size = 2.386 KB
[08:27:54.646][info] [#0:script/workspace/loading.lua:112]: ++++As library of:	file:///home/oscar/.config/emacs/.cache/lsp/lua-language-server/meta/Lua%205.4%20en-us%20utf8/utf8.lua
[08:27:54.646][info] [#0:script/workspace/loading.lua:97]: Skip loaded file: file:///home/oscar/.config/emacs/.cache/lsp/lua-language-server/meta/Lua%205.4%20en-us%20utf8/utf8.lua
[08:27:54.646][info] [#0:script/workspace/loading.lua:100]: Preload file at: file:///home/oscar/.config/emacs/.cache/lsp/lua-language-server/meta/Lua%205.4%20en-us%20utf8/io.lua , size = 6.364 KB
[08:27:54.649][info] [#0:script/workspace/loading.lua:112]: ++++As library of:	file:///home/oscar/.config/emacs/.cache/lsp/lua-language-server/meta/Lua%205.4%20en-us%20utf8/io.lua
[08:27:54.649][info] [#0:script/workspace/loading.lua:88]: Skip loaded file: file:///home/oscar/.config/emacs/.cache/lsp/lua-language-server/meta/Lua%205.4%20en-us%20utf8/io.lua
[08:27:54.649][info] [#0:script/workspace/loading.lua:112]: ++++As library of:	file:///home/oscar/.config/emacs/.cache/lsp/lua-language-server/meta/Lua%205.4%20en-us%20utf8/io.lua
[08:27:54.649][info] [#0:script/workspace/loading.lua:100]: Preload file at: file:///home/oscar/.config/emacs/.cache/lsp/lua-language-server/meta/Lua%205.4%20en-us%20utf8/coroutine.lua , size = 2.590 KB
[08:27:54.650][info] [#0:script/workspace/loading.lua:112]: ++++As library of:	file:///home/oscar/.config/emacs/.cache/lsp/lua-language-server/meta/Lua%205.4%20en-us%20utf8/coroutine.lua
[08:27:54.650][info] [#0:script/workspace/loading.lua:88]: Skip loaded file: file:///home/oscar/.config/emacs/.cache/lsp/lua-language-server/meta/Lua%205.4%20en-us%20utf8/coroutine.lua
[08:27:54.650][info] [#0:script/workspace/loading.lua:112]: ++++As library of:	file:///home/oscar/.config/emacs/.cache/lsp/lua-language-server/meta/Lua%205.4%20en-us%20utf8/coroutine.lua
[08:27:54.650][info] [#0:script/workspace/loading.lua:100]: Preload file at: file:///home/oscar/.config/emacs/.cache/lsp/lua-language-server/meta/Lua%205.4%20en-us%20utf8/debug.lua , size = 7.637 KB
[08:27:54.654][info] [#0:script/workspace/loading.lua:112]: ++++As library of:	file:///home/oscar/.config/emacs/.cache/lsp/lua-language-server/meta/Lua%205.4%20en-us%20utf8/debug.lua
[08:27:54.654][info] [#0:script/workspace/loading.lua:88]: Skip loaded file: file:///home/oscar/.config/emacs/.cache/lsp/lua-language-server/meta/Lua%205.4%20en-us%20utf8/debug.lua
[08:27:54.654][info] [#0:script/workspace/loading.lua:112]: ++++As library of:	file:///home/oscar/.config/emacs/.cache/lsp/lua-language-server/meta/Lua%205.4%20en-us%20utf8/debug.lua
[08:27:54.654][info] [#0:script/workspace/loading.lua:172]: Loaded files takes [0.033] sec: <fallback>
[08:27:54.654][info] [#0:script/workspace/loading.lua:181]: Compile files takes [0.000] sec: <fallback>
[08:27:54.654][info] [#0:script/workspace/loading.lua:182]: Loaded finish:	<fallback>
[08:27:54.654][info] [#0:script/workspace/workspace.lua:381]: Preload finish at:	<fallback>
[08:27:54.655][info] [#0:script/workspace/loading.lua:88]: Skip loaded file: file:///home/oscar/.dotfiles/wezterm/.config/wezterm/wezterm.lua
[08:27:54.655][info] [#0:script/workspace/loading.lua:172]: Loaded files takes [0.035] sec: file:///home/oscar/.dotfiles/wezterm/.config/wezterm
[08:27:54.655][info] [#0:script/workspace/loading.lua:181]: Compile files takes [0.000] sec: file:///home/oscar/.dotfiles/wezterm/.config/wezterm
[08:27:54.655][info] [#0:script/workspace/loading.lua:182]: Loaded finish:	file:///home/oscar/.dotfiles/wezterm/.config/wezterm
[08:27:54.655][info] [#0:script/workspace/workspace.lua:381]: Preload finish at:	file:///home/oscar/.dotfiles/wezterm/.config/wezterm
[08:27:54.663][info] [#0:script/provider/diagnostic.lua:560]: Diagnostics scope [file:///home/oscar/.dotfiles/wezterm/.config/wezterm], files count:[12]
[08:27:54.710][info] [#0:script/provider/diagnostic.lua:577]: Diagnostics scope [file:///home/oscar/.dotfiles/wezterm/.config/wezterm] finished, takes [0.025] sec.
[08:28:52.385][info] [#0:script/provider/diagnostic.lua:560]: Diagnostics scope [file:///home/oscar/.dotfiles/wezterm/.config/wezterm], files count:[12]
[08:28:52.406][info] [#0:script/provider/diagnostic.lua:577]: Diagnostics scope [file:///home/oscar/.dotfiles/wezterm/.config/wezterm] finished, takes [0.007] sec.
[08:37:53.786][info] [#0:script/service/service.lua:145]: 
========= Medical Examination Report =========
    --------------- Memory ---------------
        Total: 6.767 MB
        # 00 : 6.460 MB
        # 01 : 0.053 MB
        # 02 : 0.053 MB
        # 03 : 0.095 MB
        # 04 : 0.107 MB
    --------------- Coroutine ---------------
        Total:     21
        Running:   0
        Suspended: 0
        Normal:    0
        Dead:      21
    --------------- Cache ---------------
        Total: 1
        Dead:  0
    ---------------  RPC  ---------------
        Holdon:   0
        Waiting:  0
==============================================
[08:47:53.882][info] [#0:script/service/service.lua:145]: 
========= Medical Examination Report =========
    --------------- Memory ---------------
        Total: 6.772 MB
        # 00 : 6.464 MB
        # 01 : 0.053 MB
        # 02 : 0.053 MB
        # 03 : 0.095 MB
        # 04 : 0.107 MB
    --------------- Coroutine ---------------
        Total:     21
        Running:   0
        Suspended: 0
        Normal:    0
        Dead:      21
    --------------- Cache ---------------
        Total: 1
        Dead:  0
    ---------------  RPC  ---------------
        Holdon:   0
        Waiting:  0
==============================================
[08:57:53.971][info] [#0:script/service/service.lua:145]: 
========= Medical Examination Report =========
    --------------- Memory ---------------
        Total: 6.776 MB
        # 00 : 6.468 MB
        # 01 : 0.053 MB
        # 02 : 0.053 MB
        # 03 : 0.095 MB
        # 04 : 0.107 MB
    --------------- Coroutine ---------------
        Total:     21
        Running:   0
        Suspended: 0
        Normal:    0
        Dead:      21
    --------------- Cache ---------------
        Total: 1
        Dead:  0
    ---------------  RPC  ---------------
        Holdon:   0
        Waiting:  0
==============================================
[09:07:54.055][info] [#0:script/service/service.lua:145]: 
========= Medical Examination Report =========
    --------------- Memory ---------------
        Total: 6.780 MB
        # 00 : 6.472 MB
        # 01 : 0.053 MB
        # 02 : 0.053 MB
        # 03 : 0.095 MB
        # 04 : 0.107 MB
    --------------- Coroutine ---------------
        Total:     21
        Running:   0
        Suspended: 0
        Normal:    0
        Dead:      21
    --------------- Cache ---------------
        Total: 1
        Dead:  0
    ---------------  RPC  ---------------
        Holdon:   0
        Waiting:  0
==============================================
[09:12:07.189][info] [#0:script/provider/diagnostic.lua:171]: clearDiagnostics	file:///home/oscar/.dotfiles/wezterm/.config/wezterm/wezterm.lua
[09:12:07.290][info] [#0:script/provider/diagnostic.lua:560]: Diagnostics scope [file:///home/oscar/.dotfiles/wezterm/.config/wezterm], files count:[11]
[09:12:07.290][info] [#0:script/provider/diagnostic.lua:577]: Diagnostics scope [file:///home/oscar/.dotfiles/wezterm/.config/wezterm] finished, takes [0.000] sec.
