[08:27:53.752][info] [#0:/home/oscar/.config/emacs/.cache/lsp/lua-language-server/main.lua:68]: Lua Lsp startup, root: 	/home/oscar/.config/emacs/.cache/lsp/lua-language-server
[08:27:53.752][info] [#0:/home/oscar/.config/emacs/.cache/lsp/lua-language-server/main.lua:69]: ROOT:	/home/oscar/.config/emacs/.cache/lsp/lua-language-server
[08:27:53.752][info] [#0:/home/oscar/.config/emacs/.cache/lsp/lua-language-server/main.lua:70]: LOGPATH:	/home/oscar/.config/emacs/.cache/lsp/lua-language-server/log
[08:27:53.752][info] [#0:/home/oscar/.config/emacs/.cache/lsp/lua-language-server/main.lua:71]: METAPATH:	/home/oscar/.config/emacs/.cache/lsp/lua-language-server/meta
[08:27:53.752][info] [#0:/home/oscar/.config/emacs/.cache/lsp/lua-language-server/main.lua:72]: VERSION:	3.11.1
[08:27:53.770][info] [#0:script/proto/proto.lua:260]: Listen Mode: stdio
[08:27:53.770][info] [#0:script/service/service.lua:145]: 
========= Medical Examination Report =========
    --------------- Memory ---------------
        Total: 2.245 MB
        # 00 : 2.245 MB
        # 01 : 0.000 MB
        # 02 : 0.000 MB
        # 03 : 0.000 MB
        # 04 : 0.000 MB
    --------------- Coroutine ---------------
        Total:     0
        Running:   0
        Suspended: 0
        Normal:    0
        Dead:      0
    --------------- Cache ---------------
        Total: 1
        Dead:  0
    ---------------  RPC  ---------------
        Holdon:   0
        Waiting:  0
==============================================
[08:27:53.873][info] [#0:script/client.lua:657]: Client init	{
  capabilities = {
    general = {
      positionEncodings = { "utf-32", "utf-16" }
    },
    textDocument = {
      callHierarchy = {
        dynamicRegistration = false
      },
      codeAction = {
        codeActionLiteralSupport = {
          codeActionKind = {
            valueSet = { "", "quickfix", "refactor", "refactor.extract", "refactor.inline", "refactor.rewrite", "source", "source.organizeImports" }
          }
        },
        dataSupport = true,
        dynamicRegistration = true,
        isPreferredSupport = true,
        resolveSupport = {
          properties = { "edit", "command" }
        }
      },
      completion = {
        completionItem = {
          deprecatedSupport = true,
          documentationFormat = { "markdown", "plaintext" },
          insertReplaceSupport = true,
          insertTextModeSupport = {
            valueSet = { 1, 2 }
          },
          resolveAdditionalTextEditsSupport = true,
          resolveSupport = {
            properties = { "documentation", "detail", "additionalTextEdits", "command" }
          },
          snippetSupport = true
        },
        contextSupport = true,
        dynamicRegistration = true
      },
      declaration = {
        dynamicRegistration = true,
        linkSupport = true
      },
      definition = {
        dynamicRegistration = true,
        linkSupport = true
      },
      diagnostic = {
        dynamicRegistration = false,
        relatedDocumentSupport = false
      },
      documentLink = {
        dynamicRegistration = true,
        tooltipSupport = true
      },
      documentSymbol = {
        hierarchicalDocumentSymbolSupport = true,
        symbolKind = {
          valueSet = { 1, 2, 3, 4, 5, 6, 7, 8, 9, 10, 11, 12, 13, 14, 15, 16, 17, 18, 19, 20, 21, 22, 23, 24, 25, 26 }
        }
      },
      foldingRange = {
        dynamicRegistration = true
      },
      formatting = {
        dynamicRegistration = true
      },
      hover = {
        contentFormat = { "markdown", "plaintext" },
        dynamicRegistration = true
      },
      implementation = {
        dynamicRegistration = true,
        linkSupport = true
      },
      linkedEditingRange = {
        dynamicRegistration = true
      },
      onTypeFormatting = {
        dynamicRegistration = true
      },
      publishDiagnostics = {
        relatedInformation = true,
        tagSupport = {
          valueSet = { 1, 2 }
        },
        versionSupport = true
      },
      rangeFormatting = {
        dynamicRegistration = true
      },
      references = {
        dynamicRegistration = true
      },
      rename = {
        dynamicRegistration = true,
        prepareSupport = true
      },
      selectionRange = {
        dynamicRegistration = true
      },
      signatureHelp = {
        dynamicRegistration = true,
        signatureInformation = {
          parameterInformation = {
            labelOffsetSupport = true
          }
        }
      },
      synchronization = {
        didSave = true,
        willSave = true,
        willSaveWaitUntil = true
      },
      typeDefinition = {
        dynamicRegistration = true,
        linkSupport = true
      },
      typeHierarchy = {
        dynamicRegistration = true
      }
    },
    window = {
      showDocument = {
        support = true
      },
      workDoneProgress = true
    },
    workspace = {
      applyEdit = true,
      codeLens = {
        refreshSupport = true
      },
      configuration = true,
      didChangeWatchedFiles = {
        dynamicRegistration = true
      },
      executeCommand = {
        dynamicRegistration = false
      },
      fileOperations = {
        didCreate = false,
        didDelete = false,
        didRename = true,
        willCreate = false,
        willDelete = false,
        willRename = true
      },
      symbol = {
        symbolKind = {
          valueSet = { 1, 2, 3, 4, 5, 6, 7, 8, 9, 10, 11, 12, 13, 14, 15, 16, 17, 18, 19, 20, 21, 22, 23, 24, 25, 26 }
        }
      },
      workspaceEdit = {
        documentChanges = true,
        resourceOperations = { "create", "rename", "delete" }
      },
      workspaceFolders = true
    }
  },
  clientInfo = {
    name = "emacs",
    version = "GNU Emacs 29.4 (build 1, x86_64-pc-linux-gnu, GTK+ Version 3.24.43, cairo version 1.18.2)"
  },
  processId = 1076,
  rootPath = "/home/oscar/.dotfiles/wezterm/.config/wezterm",
  rootUri = "file:///home/oscar/.dotfiles/wezterm/.config/wezterm",
  workDoneToken = "1"
}
[08:27:53.874][info] [#0:script/language.lua:137]: VSC language: nil
[08:27:53.874][info] [#0:script/language.lua:138]: LS  language: en-us
[08:27:53.874][info] [#0:script/workspace/workspace.lua:38]: Workspace init root: 	file:///home/oscar/.dotfiles/wezterm/.config/wezterm
[08:27:53.874][info] [#0:script/workspace/workspace.lua:42]: Log path: 	/home/oscar/.config/emacs/.cache/lsp/lua-language-server/log/file_home_oscar_.dotfiles_wezterm_.config_wezterm.log
